<html>
<body>
<pre>
<h1>µVision Build Log</h1>
<h2>Tool Versions:</h2>
IDE-Version: ¦ÌVision V5.14.0.0
Copyright (C) 2015 ARM Ltd and ARM Germany GmbH. All rights reserved.
License Information: 11 Administrator, Administrator, LIC=7YKY8-3IKMF-35MTX-HHVAX-JKCDB-0WBEW
 
Tool Versions:
Toolchain:       MDK-ARM Professional  Version: 5.14.0.0
Toolchain Path:  D:\KEIL5\ARM\ARMCC\Bin
C Compiler:      Armcc.exe V5.05 update 1 (build 106)
Assembler:       Armasm.exe V5.05 update 1 (build 106)
Linker/Locator:  ArmLink.exe V5.05 update 1 (build 106)
Library Manager: ArmAr.exe V5.05 update 1 (build 106)
Hex Converter:   FromElf.exe V5.05 update 1 (build 106)
CPU DLL:         SARMCM3.DLL V5.14.0.0
Dialog DLL:      DCM.DLL V1.13.1.0
Target DLL:      UL2CM3.DLL V1.155.0.0
Dialog DLL:      TCM.DLL V1.14.4.0
 
<h2>Project:</h2>
F:\RunFile\stm32\stm32-02\template.uvprojx
Project File Date:  01/18/2019

<h2>Output:</h2>
Rebuild target 'Target 1'
compiling main.c...
User\main.c(46): warning:  #61-D: integer operation result is out of range
        GPIOC_CRL&=~(0x0f<<(4*7));
User\main.c: 1 warning, 0 errors
assembling startup_stm32f10x_hd.s...
linking...
Program Size: Code=568 RO-data=320 RW-data=0 ZI-data=1024  
FromELF: creating hex file...
".\Objects\template.axf" - 0 Error(s), 1 Warning(s).

<h2>Collection of Component include folders:</h2>
  F:\RunFile\stm32\stm32-02\RTE
  D:\KEIL5\ARM\PACK\Keil\STM32F1xx_DFP\1.0.5\Device\Include

<h2>Collection of Component Files used:</h2>
</pre>
</body>
</html>
